// Jest Snapshot v1, https://goo.gl/fbAQLP

exports[`matches snapshot 1`] = `
<DocumentFragment>
  <div
    class="grid grid-cols-4 gap-4"
  />
</DocumentFragment>
`;
